../Core/Src/main.c:80:5:main	200	static
../Core/Src/main.c:313:6:SystemClock_Config	96	static
../Core/Src/main.c:374:13:MX_I2C1_Init	8	static
../Core/Src/main.c:422:13:MX_I2C3_Init	8	static
../Core/Src/main.c:470:13:MX_TIM1_Init	40	static
../Core/Src/main.c:517:13:MX_TIM16_Init	80	static
../Core/Src/main.c:580:13:MX_USART2_UART_Init	8	static
../Core/Src/main.c:615:13:MX_GPIO_Init	40	static
../Core/Src/main.c:652:6:buzzer_aan	16	static
../Core/Src/main.c:671:6:HAL_TIM_PeriodElapsedCallback	80	static
../Core/Src/main.c:706:6:Error_Handler	4	static,ignoring_inline_asm
